 
 gdb a.out
GNU gdb (Ubuntu 8.1.1-0ubuntu1) 8.1.1
Copyright (C) 2018 Free Software Foundation, Inc.
License GPLv3+: GNU GPL version 3 or later <http://gnu.org/licenses/gpl.html>
This is free software: you are free to change and redistribute it.
There is NO WARRANTY, to the extent permitted by law.  Type "show copying"
and "show warranty" for details.
This GDB was configured as "x86_64-linux-gnu".
Type "show configuration" for configuration details.
For bug reporting instructions, please see:
<http://www.gnu.org/software/gdb/bugs/>.
Find the GDB manual and other documentation resources online at:
<http://www.gnu.org/software/gdb/documentation/>.
For help, type "help".
Type "apropos word" to search for commands related to "word"...
Reading symbols from a.out...done.
(gdb) b main
Breakpoint 1 at 0x902: file p7original.c, line 41.
(gdb) r
Starting program: /home/runner/pps-IA1-practice/a.out 
warning: Error disabling address space randomization: Operation not permitted

Breakpoint 1, main () at p7original.c:41
41  {
(gdb) n
43    n=input_array_size();
(gdb) n
Enter the no. of terms to be added
4
44    int a[n];
(gdb) n
45    input_array(n,a);
(gdb) n
Enter the element
5
Enter the element
6
Enter the element
4
Enter the element
2
46    sum=sum_n_arrays(n,a);
(gdb) n
47    out_put(n,a,sum);
(gdb) n
48    return 0;
(gdb) c
Continuing.
Result:5+6+4+2 is 17[Inferior 1 (process 793) exited normally]
(gdb) 