 
 gdb a.out
GNU gdb (Ubuntu 8.1.1-0ubuntu1) 8.1.1
Copyright (C) 2018 Free Software Foundation, Inc.
License GPLv3+: GNU GPL version 3 or later <http://gnu.org/licenses/gpl.html>
This is free software: you are free to change and redistribute it.
There is NO WARRANTY, to the extent permitted by law.  Type "show copying"
and "show warranty" for details.
This GDB was configured as "x86_64-linux-gnu".
Type "show configuration" for configuration details.
For bug reporting instructions, please see:
<http://www.gnu.org/software/gdb/bugs/>.
Find the GDB manual and other documentation resources online at:
<http://www.gnu.org/software/gdb/documentation/>.
For help, type "help".
Type "apropos word" to search for commands related to "word"...
Reading symbols from a.out...done.
(gdb) b main
Breakpoint 1 at 0x9b5: file p8original.c, line 52.
(gdb) r
Starting program: /home/runner/pps-IA1-practice/a.out 
warning: Error disabling address space randomization: Operation not permitted

Breakpoint 1, main () at p8original.c:52
52  {
(gdb) n
54    n=get_n();
(gdb) n
Enter how many complex number you want to add: 2
55    complex a[n],result;
(gdb) n
56    input_n_complex(n,a);
(gdb) n
enter a real number: 2
enter a imaginary number: 4
enter a real number: 3
enter a imaginary number: 5
57    result=add_n_complex(n,a);
(gdb) n
58    output(n,a,result);
(gdb) n
59    return 0;
(gdb) c
Continuing.
2.0 + 4.0i +3.0 + 5.0i is 5.0+9.0i[Inferior 1 (process 921) exited normally]
(gdb) 